 INFO  Accepting connections at http://localhost:3000
 HTTP  6/8/2026 5:48:12 PM ::1 GET /
 HTTP  6/8/2026 5:48:12 PM ::1 Returned 200 in 23 ms
 HTTP  6/8/2026 5:48:12 PM ::1 GET /style.css
 HTTP  6/8/2026 5:48:12 PM ::1 GET /assets/index.js
 HTTP  6/8/2026 5:48:12 PM ::1 Returned 200 in 5 ms
 HTTP  6/8/2026 5:48:12 PM ::1 Returned 200 in 4 ms
 HTTP  6/8/2026 5:48:12 PM ::1 GET /assets/jsxRuntime.module-Mm8M0Mkb.js
 HTTP  6/8/2026 5:48:12 PM ::1 Returned 200 in 4 ms
 HTTP  6/8/2026 5:49:02 PM ::1 GET /
 HTTP  6/8/2026 5:49:02 PM ::1 Returned 200 in 4 ms
 HTTP  6/8/2026 5:49:02 PM ::1 GET /style.css
 HTTP  6/8/2026 5:49:02 PM ::1 Returned 200 in 4 ms
 HTTP  6/8/2026 5:49:02 PM ::1 GET /assets/index.js
 HTTP  6/8/2026 5:49:02 PM ::1 Returned 200 in 1 ms
 HTTP  6/8/2026 5:49:02 PM ::1 GET /assets/jsxRuntime.module-Mm8M0Mkb.js
 HTTP  6/8/2026 5:49:02 PM ::1 Returned 200 in 1 ms
 HTTP  6/8/2026 5:49:02 PM ::1 GET /locales/en-GB.json
 HTTP  6/8/2026 5:49:02 PM ::1 Returned 200 in 3 ms
 HTTP  6/8/2026 5:49:02 PM ::1 GET /preview/
 HTTP  6/8/2026 5:49:02 PM ::1 Returned 200 in 3 ms
 HTTP  6/8/2026 5:49:02 PM ::1 GET /style.css
 HTTP  6/8/2026 5:49:02 PM ::1 GET /assets/index.js
 HTTP  6/8/2026 5:49:02 PM ::1 Returned 304 in 3 ms
 HTTP  6/8/2026 5:49:02 PM ::1 Returned 304 in 1 ms
 HTTP  6/8/2026 5:49:03 PM ::1 GET /assets/jsxRuntime.module-Mm8M0Mkb.js
 HTTP  6/8/2026 5:49:03 PM ::1 Returned 304 in 1 ms
 HTTP  6/8/2026 5:49:03 PM ::1 GET /locales/en-GB.json
 HTTP  6/8/2026 5:49:03 PM ::1 Returned 304 in 1 ms
 HTTP  6/8/2026 5:49:03 PM ::1 GET /preview/mock_spider/
 HTTP  6/8/2026 5:49:03 PM ::1 Returned 200 in 4 ms
 HTTP  6/8/2026 5:49:03 PM ::1 GET /style.css
 HTTP  6/8/2026 5:49:03 PM ::1 GET /assets/spider.js
 HTTP  6/8/2026 5:49:03 PM ::1 Returned 304 in 1 ms
 HTTP  6/8/2026 5:49:03 PM ::1 Returned 200 in 3 ms
 HTTP  6/8/2026 5:49:03 PM ::1 GET /assets/jsxRuntime.module-Mm8M0Mkb.js
 HTTP  6/8/2026 5:49:03 PM ::1 Returned 304 in 1 ms
 HTTP  6/8/2026 5:49:03 PM ::1 GET /locales/en-GB.json
 HTTP  6/8/2026 5:49:03 PM ::1 Returned 304 in 1 ms
 HTTP  6/8/2026 5:49:54 PM ::1 GET /
 HTTP  6/8/2026 5:49:54 PM ::1 Returned 200 in 4 ms
 HTTP  6/8/2026 5:49:54 PM ::1 GET /style.css
 HTTP  6/8/2026 5:49:54 PM ::1 GET /assets/index.js
 HTTP  6/8/2026 5:49:54 PM ::1 Returned 200 in 4 ms
 HTTP  6/8/2026 5:49:54 PM ::1 Returned 200 in 6 ms
 HTTP  6/8/2026 5:49:54 PM ::1 GET /assets/jsxRuntime.module-Mm8M0Mkb.js
 HTTP  6/8/2026 5:49:54 PM ::1 Returned 200 in 5 ms
 HTTP  6/8/2026 5:49:55 PM ::1 GET /locales/en-GB.json
 HTTP  6/8/2026 5:49:55 PM ::1 Returned 200 in 1 ms
 HTTP  6/8/2026 5:49:55 PM ::1 GET /preview/
 HTTP  6/8/2026 5:49:55 PM ::1 Returned 200 in 1 ms
 HTTP  6/8/2026 5:49:55 PM ::1 GET /style.css
 HTTP  6/8/2026 5:49:55 PM ::1 GET /assets/index.js
 HTTP  6/8/2026 5:49:55 PM ::1 Returned 304 in 2 ms
 HTTP  6/8/2026 5:49:55 PM ::1 Returned 304 in 1 ms
 HTTP  6/8/2026 5:49:55 PM ::1 GET /assets/jsxRuntime.module-Mm8M0Mkb.js
 HTTP  6/8/2026 5:49:55 PM ::1 Returned 304 in 2 ms
 HTTP  6/8/2026 5:49:55 PM ::1 GET /locales/en-GB.json
 HTTP  6/8/2026 5:49:55 PM ::1 Returned 304 in 1 ms
 HTTP  6/8/2026 5:49:55 PM ::1 GET /preview/mock_spider/
 HTTP  6/8/2026 5:49:55 PM ::1 Returned 200 in 2 ms
 HTTP  6/8/2026 5:49:55 PM ::1 GET /style.css
 HTTP  6/8/2026 5:49:55 PM ::1 GET /assets/spider.js
 HTTP  6/8/2026 5:49:55 PM ::1 Returned 304 in 1 ms
 HTTP  6/8/2026 5:49:55 PM ::1 Returned 200 in 1 ms
 HTTP  6/8/2026 5:49:55 PM ::1 GET /assets/jsxRuntime.module-Mm8M0Mkb.js
 HTTP  6/8/2026 5:49:55 PM ::1 Returned 304 in 3 ms
 HTTP  6/8/2026 5:49:55 PM ::1 GET /locales/en-GB.json
 HTTP  6/8/2026 5:49:55 PM ::1 Returned 304 in 1 ms

 INFO  Gracefully shutting down. Please wait...
